// Jest Snapshot v1, https://goo.gl/fbAQLP

exports[`EditTaskForm.vue renders correctly 1`] = `
<div>
  <el-form-stub model="[object Object]" class="edit-task-form" rules="[object Object]" label-width="120px" label-position="left">
    <el-form-item-stub label="Name" prop="name">
      <el-input-stub modelvalue=""></el-input-stub>
    </el-form-item-stub>
    <el-form-item-stub label="Description" prop="description">
      <el-input-stub modelvalue="" type="textarea"></el-input-stub>
    </el-form-item-stub>
    <el-form-item-stub label="Status" prop="category">
      <el-select-stub modelvalue="" style="width: 100%;">
        <el-option-stub value="Planned"></el-option-stub>
        <el-option-stub value="In Progress"></el-option-stub>
        <el-option-stub value="Completed"></el-option-stub>
      </el-select-stub>
    </el-form-item-stub>
    <el-form-item-stub label="Estimate" prop="estimate">
      <el-input-number-stub modelvalue="1" controls-position="right" min="0"></el-input-number-stub>
    </el-form-item-stub>
    <el-form-item-stub style="margin-left: -120px; padding-top: 20px;">
      <div style="display: flex; width: 100%;">
        <el-popconfirm-stub title="Are you sure to delete this task?" hide-icon="true" confirm-button-type="danger"></el-popconfirm-stub>
        <div style="margin-left: auto;">
          <el-button-stub>Cancel</el-button-stub>
          <el-button-stub type="primary">Save</el-button-stub>
        </div>
      </div>
    </el-form-item-stub>
  </el-form-stub>
</div>
`;
