// Jest Snapshot v1, https://goo.gl/fbAQLP

exports[`EditTask.vue renders correctly 1`] = `
<div>
  <el-dialog-stub model-value="false" before-close="function () { [native code] }" show-close="false" width="30%" custom-class="form-dialog" center="">
    <el-tabs-stub modelvalue="edit">
      <el-tab-pane-stub label="Edit task" name="edit">
        <edit-task-form-stub></edit-task-form-stub>
      </el-tab-pane-stub>
      <el-tab-pane-stub label="Activity" name="activity">
        <activity-stub></activity-stub>
      </el-tab-pane-stub>
    </el-tabs-stub>
  </el-dialog-stub>
</div>
`;
